I'm sorry, but errors were detected in your script. Please correct the
errors listed below, and try again.


File "game/script.rpy", line 129: expected 'image_name_component' not found.
    hide 
         ^

Ren'Py Version: Ren'Py 8.3.3.24111502
Thu Dec 19 11:01:39 2024
